// Jest Snapshot v1, https://goo.gl/fbAQLP

exports[`Sign up form renders and matches our snapshot 1`] = `
<MemoryRouter>
  <Router
    history={
      Object {
        "action": "POP",
        "block": [Function],
        "canGo": [Function],
        "createHref": [Function],
        "entries": Array [
          Object {
            "hash": "",
            "key": "t9fbls",
            "pathname": "/",
            "search": "",
            "state": undefined,
          },
        ],
        "go": [Function],
        "goBack": [Function],
        "goForward": [Function],
        "index": 0,
        "length": 1,
        "listen": [Function],
        "location": Object {
          "hash": "",
          "key": "t9fbls",
          "pathname": "/",
          "search": "",
          "state": undefined,
        },
        "push": [Function],
        "replace": [Function],
      }
    }
  >
    <SignUpForm
      handleInputChange={[MockFunction]}
      handleSubmitForm={[MockFunction]}
      outPutErrorMessage={null}
      outPutSuccessMessage={null}
    >
      <div
        className="col-md-6 col-sm-12 col-xs-12 offset-md-2"
      >
        <h2>
          Sign up to register a business
        </h2>
        <form
          onSubmit={[MockFunction]}
        >
          <div
            className="row"
          >
            <div
              className="col"
            >
              <input
                className="test input-default form-text-input"
                name="email"
                onChange={[MockFunction]}
                placeholder="Email Address"
                required={true}
                type="email"
              />
            </div>
            <div
              className="col"
            >
              <input
                className="input-default form-text-input"
                name="username"
                onChange={[MockFunction]}
                placeholder="Username"
                required={true}
                type="text"
              />
            </div>
          </div>
          <hr />
          <div
            className="row"
          >
            <div
              className="col"
            >
              <input
                className="input-default form-text-input"
                name="first_name"
                onChange={[MockFunction]}
                placeholder="First name"
                required={true}
                type="text"
              />
            </div>
            <div
              className="col"
            >
              <input
                className="input-default form-text-input"
                name="last_name"
                onChange={[MockFunction]}
                placeholder="Last name"
                required={true}
                type="text"
              />
            </div>
          </div>
          <hr />
          <div
            className="form-input-division"
          >
            <input
              className="input-default form-text-input"
              name="password"
              onChange={[MockFunction]}
              placeholder="Password"
              required={true}
              type="password"
            />
          </div>
          <div
            className="form-input-division"
          >
            <input
              className="input-default form-text-input"
              name="confirm_password"
              onChange={[MockFunction]}
              placeholder="Confirm password"
              required={true}
              type="password"
            />
          </div>
          <div
            className="form-input-division"
          >
            <button
              className="btn btn-primary input-default form-btn"
              type="submit"
            >
              Sign Up
            </button>
          </div>
          <div
            className="form-input-division"
          >
            <Link
              className="nav-link"
              replace={false}
              to="/login"
            >
              <a
                className="nav-link"
                href="/login"
                onClick={[Function]}
              >
                You have an account?
              </a>
            </Link>
          </div>
        </form>
      </div>
    </SignUpForm>
  </Router>
</MemoryRouter>
`;
