// Jest Snapshot v1, https://goo.gl/fbAQLP

exports[`Sign in form test renders and matches our snapshot 1`] = `
<SignInForm
  handleLoginInputChange={[MockFunction]}
  handleLoginSubmitForm={[MockFunction]}
  loginPutErrorMessage={null}
  loginSuccessMessage={null}
>
  <div
    className="main-login-page"
  >
    <h2>
      Sign in to your account
    </h2>
    <form
      onSubmit={[MockFunction]}
    >
      <div
        className="form-input-division"
      >
        <input
          className="input-default form-text-input"
          name="username"
          onChange={[MockFunction]}
          placeholder="Username"
          required={true}
          type="text"
        />
      </div>
      <div
        className="form-input-division"
      >
        <input
          className="test input-default form-text-input"
          id="password"
          name="password"
          onChange={[MockFunction]}
          placeholder="Password"
          required={true}
          type="password"
        />
      </div>
      <div
        className="form-input-division"
      >
        <button
          className="btn btn-primary input-default form-btn"
          type="submit"
        >
          Sign In
        </button>
      </div>
      <div
        className="form-input-division"
      >
        <a
          href=""
        >
          Forgot password?
        </a>
      </div>
      <hr />
      <div
        className="form-input-division"
      >
        <a
          href=""
        >
          You don't have an account? 
        </a>
      </div>
    </form>
  </div>
</SignInForm>
`;
